C:\Users\AIML-DL-18\Desktop\AIML - 99\SMLD ML MODEL\stat-twin\src\stattwin\health\shi.py:266: ConstantInputWarning: An input array is constant; the correlation coefficient is not defined.
  rho, _ = sp_stats.spearmanr(group[cycle_col].values, group[_col].values)
C:\Users\AIML-DL-18\Desktop\AIML - 99\SMLD ML MODEL\stat-twin\src\stattwin\health\shi.py:266: ConstantInputWarning: An input array is constant; the correlation coefficient is not defined.
  rho, _ = sp_stats.spearmanr(group[cycle_col].values, group[_col].values)
C:\Users\AIML-DL-18\Desktop\AIML - 99\SMLD ML MODEL\stat-twin\src\stattwin\health\shi.py:266: ConstantInputWarning: An input array is constant; the correlation coefficient is not defined.
  rho, _ = sp_stats.spearmanr(group[cycle_col].values, group[_col].values)
C:\Users\AIML-DL-18\Desktop\AIML - 99\SMLD ML MODEL\stat-twin\src\stattwin\health\shi.py:266: ConstantInputWarning: An input array is constant; the correlation coefficient is not defined.
  rho, _ = sp_stats.spearmanr(group[cycle_col].values, group[_col].values)
C:\Users\AIML-DL-18\Desktop\AIML - 99\SMLD ML MODEL\stat-twin\src\stattwin\health\shi.py:266: ConstantInputWarning: An input array is constant; the correlation coefficient is not defined.
  rho, _ = sp_stats.spearmanr(group[cycle_col].values, group[_col].values)
C:\Users\AIML-DL-18\Desktop\AIML - 99\SMLD ML MODEL\stat-twin\src\stattwin\health\shi.py:266: ConstantInputWarning: An input array is constant; the correlation coefficient is not defined.
  rho, _ = sp_stats.spearmanr(group[cycle_col].values, group[_col].values)
C:\Users\AIML-DL-18\Desktop\AIML - 99\SMLD ML MODEL\stat-twin\src\stattwin\health\shi.py:266: ConstantInputWarning: An input array is constant; the correlation coefficient is not defined.
  rho, _ = sp_stats.spearmanr(group[cycle_col].values, group[_col].values)
C:\Users\AIML-DL-18\Desktop\AIML - 99\SMLD ML MODEL\stat-twin\src\stattwin\health\shi.py:294: ConstantInputWarning: An input array is constant; the correlation coefficient is not defined.
  rho, _ = sp_stats.spearmanr(group["RUL"].values, group[_col].values)
C:\Users\AIML-DL-18\Desktop\AIML - 99\SMLD ML MODEL\stat-twin\src\stattwin\health\shi.py:294: ConstantInputWarning: An input array is constant; the correlation coefficient is not defined.
  rho, _ = sp_stats.spearmanr(group["RUL"].values, group[_col].values)
C:\Users\AIML-DL-18\Desktop\AIML - 99\SMLD ML MODEL\stat-twin\src\stattwin\health\shi.py:294: ConstantInputWarning: An input array is constant; the correlation coefficient is not defined.
  rho, _ = sp_stats.spearmanr(group["RUL"].values, group[_col].values)
C:\Users\AIML-DL-18\Desktop\AIML - 99\SMLD ML MODEL\stat-twin\src\stattwin\health\shi.py:294: ConstantInputWarning: An input array is constant; the correlation coefficient is not defined.
  rho, _ = sp_stats.spearmanr(group["RUL"].values, group[_col].values)
C:\Users\AIML-DL-18\Desktop\AIML - 99\SMLD ML MODEL\stat-twin\src\stattwin\health\shi.py:294: ConstantInputWarning: An input array is constant; the correlation coefficient is not defined.
  rho, _ = sp_stats.spearmanr(group["RUL"].values, group[_col].values)
C:\Users\AIML-DL-18\Desktop\AIML - 99\SMLD ML MODEL\stat-twin\src\stattwin\health\shi.py:294: ConstantInputWarning: An input array is constant; the correlation coefficient is not defined.
  rho, _ = sp_stats.spearmanr(group["RUL"].values, group[_col].values)
C:\Users\AIML-DL-18\Desktop\AIML - 99\SMLD ML MODEL\stat-twin\src\stattwin\health\shi.py:294: ConstantInputWarning: An input array is constant; the correlation coefficient is not defined.
  rho, _ = sp_stats.spearmanr(group["RUL"].values, group[_col].values)
C:\Users\AIML-DL-18\Desktop\AIML - 99\SMLD ML MODEL\stat-twin\src\stattwin\health\shi.py:161: ConstantInputWarning: An input array is constant; the correlation coefficient is not defined.
  rho, _ = sp_stats.spearmanr(bl_norm[: len(w)], w_norm)
C:\Users\AIML-DL-18\AppData\Roaming\Python\Python312\site-packages\sklearn\utils\extmath.py:1211: RuntimeWarning: invalid value encountered in divide
  updated_mean = (last_sum + new_sum) / updated_sample_count
C:\Users\AIML-DL-18\AppData\Roaming\Python\Python312\site-packages\sklearn\utils\extmath.py:1216: RuntimeWarning: invalid value encountered in divide
  T = new_sum / new_sample_count
C:\Users\AIML-DL-18\AppData\Roaming\Python\Python312\site-packages\sklearn\utils\extmath.py:1240: RuntimeWarning: invalid value encountered in divide
  new_unnormalized_variance -= correction**2 / new_sample_count
C:\Users\AIML-DL-18\AppData\Roaming\Python\Python312\site-packages\sklearn\utils\extmath.py:1211: RuntimeWarning: invalid value encountered in divide
  updated_mean = (last_sum + new_sum) / updated_sample_count
C:\Users\AIML-DL-18\AppData\Roaming\Python\Python312\site-packages\sklearn\utils\extmath.py:1216: RuntimeWarning: invalid value encountered in divide
  T = new_sum / new_sample_count
C:\Users\AIML-DL-18\AppData\Roaming\Python\Python312\site-packages\sklearn\utils\extmath.py:1240: RuntimeWarning: invalid value encountered in divide
  new_unnormalized_variance -= correction**2 / new_sample_count
C:\Users\AIML-DL-18\AppData\Roaming\Python\Python312\site-packages\sklearn\utils\extmath.py:1211: RuntimeWarning: invalid value encountered in divide
  updated_mean = (last_sum + new_sum) / updated_sample_count
C:\Users\AIML-DL-18\AppData\Roaming\Python\Python312\site-packages\sklearn\utils\extmath.py:1216: RuntimeWarning: invalid value encountered in divide
  T = new_sum / new_sample_count
C:\Users\AIML-DL-18\AppData\Roaming\Python\Python312\site-packages\sklearn\utils\extmath.py:1240: RuntimeWarning: invalid value encountered in divide
  new_unnormalized_variance -= correction**2 / new_sample_count
C:\Users\AIML-DL-18\AppData\Roaming\Python\Python312\site-packages\sklearn\utils\extmath.py:1211: RuntimeWarning: invalid value encountered in divide
  updated_mean = (last_sum + new_sum) / updated_sample_count
C:\Users\AIML-DL-18\AppData\Roaming\Python\Python312\site-packages\sklearn\utils\extmath.py:1216: RuntimeWarning: invalid value encountered in divide
  T = new_sum / new_sample_count
C:\Users\AIML-DL-18\AppData\Roaming\Python\Python312\site-packages\sklearn\utils\extmath.py:1240: RuntimeWarning: invalid value encountered in divide
  new_unnormalized_variance -= correction**2 / new_sample_count
C:\Users\AIML-DL-18\AppData\Roaming\Python\Python312\site-packages\sklearn\utils\extmath.py:1211: RuntimeWarning: invalid value encountered in divide
  updated_mean = (last_sum + new_sum) / updated_sample_count
C:\Users\AIML-DL-18\AppData\Roaming\Python\Python312\site-packages\sklearn\utils\extmath.py:1216: RuntimeWarning: invalid value encountered in divide
  T = new_sum / new_sample_count
C:\Users\AIML-DL-18\AppData\Roaming\Python\Python312\site-packages\sklearn\utils\extmath.py:1240: RuntimeWarning: invalid value encountered in divide
  new_unnormalized_variance -= correction**2 / new_sample_count
C:\Users\AIML-DL-18\AppData\Roaming\Python\Python312\site-packages\sklearn\utils\extmath.py:1211: RuntimeWarning: invalid value encountered in divide
  updated_mean = (last_sum + new_sum) / updated_sample_count
C:\Users\AIML-DL-18\AppData\Roaming\Python\Python312\site-packages\sklearn\utils\extmath.py:1216: RuntimeWarning: invalid value encountered in divide
  T = new_sum / new_sample_count
C:\Users\AIML-DL-18\AppData\Roaming\Python\Python312\site-packages\sklearn\utils\extmath.py:1240: RuntimeWarning: invalid value encountered in divide
  new_unnormalized_variance -= correction**2 / new_sample_count
