  Loaded FD001: 20631 rows, 100 units
  Loaded FD002: 53759 rows, 260 units
  Loaded FD003: 24720 rows, 100 units
  Loaded FD004: 61249 rows, 249 units
  Train=FD001, Test=FD001...
    ROC-AUC: 0.9978  RUL RMSE: 49.56
  Train=FD001, Test=FD002...
    ROC-AUC: 0.6061  RUL RMSE: 49.60
  Train=FD001, Test=FD003...
    ROC-AUC: 0.8367  RUL RMSE: 52.43
  Train=FD001, Test=FD004...
    ROC-AUC: 0.5991  RUL RMSE: 52.36
  Train=FD002, Test=FD001...
    ROC-AUC: 0.9822  RUL RMSE: 49.56
  Train=FD002, Test=FD002...
    ROC-AUC: 0.9909  RUL RMSE: 49.60
  Train=FD002, Test=FD003...
    ROC-AUC: 0.9329  RUL RMSE: 52.43
  Train=FD002, Test=FD004...
    ROC-AUC: 0.9128  RUL RMSE: 52.36
  Train=FD003, Test=FD001...
    ROC-AUC: 0.9521  RUL RMSE: 49.56
  Train=FD003, Test=FD002...
    ROC-AUC: 0.5651  RUL RMSE: 49.60
  Train=FD003, Test=FD003...
    ROC-AUC: 0.9983  RUL RMSE: 52.43
  Train=FD003, Test=FD004...
    ROC-AUC: 0.5672  RUL RMSE: 52.36
  Train=FD004, Test=FD001...
    ROC-AUC: 0.9791  RUL RMSE: 49.56
  Train=FD004, Test=FD002...
    ROC-AUC: 0.9764  RUL RMSE: 49.60
  Train=FD004, Test=FD003...
    ROC-AUC: 0.9831  RUL RMSE: 52.43
  Train=FD004, Test=FD004...
    ROC-AUC: 0.9931  RUL RMSE: 52.36

[e6] Completed in 79.1s
     Output: C:\Users\AIML-DL-18\Desktop\AIML - 99\SMLD ML MODEL\stat-twin\results\e6_generalization
